https://owlery-eu-prod.corp.amazon.com/preview/ScheduledDeliveryReminder-Email/A1PA6795UKMFR9?renderParamsJson={"shipTrackEventCode": "EVENT_307", "orderId": "304-1943067-4463569", "carrierType": "3P", "isEeylops": "true", "eventType": "ScheduledDeliveryReminder-Email", "orderingShipmentIds": "23513063050302", "fulfillmentShipmentId": "36407097860202", "marketplaceId": "4", "countOfShipmentsInTheLargestOrder": "1", "customerId": "A3TNRF0J47TXSQ", "recipient": "bernhard.rubenbauer%40web.de", "numberOfShipmentItemEntitiesInTheLargestOrder": "1", "orderIds": "304-1943067-4463569", "RTN.RetryCount": "1", "trackingId": "002200218206210000B00011"}